------------------------------------------------------------
Timing Analyzer Summary
------------------------------------------------------------

Type  : Slow 1200mV 85C Model Setup 'clk_50'
Slack : 6.071
TNS   : 0.000

Type  : Slow 1200mV 85C Model Hold 'clk_50'
Slack : 0.401
TNS   : 0.000

Type  : Slow 1200mV 85C Model Minimum Pulse Width 'SRAM_unit|Clock_100_PLL_inst|altpll_component|auto_generated|pll1|clk[0]'
Slack : 4.760
TNS   : 0.000

Type  : Slow 1200mV 85C Model Minimum Pulse Width 'clk_50'
Slack : 9.495
TNS   : 0.000

Type  : Slow 1200mV 0C Model Setup 'clk_50'
Slack : 7.391
TNS   : 0.000

Type  : Slow 1200mV 0C Model Hold 'clk_50'
Slack : 0.353
TNS   : 0.000

Type  : Slow 1200mV 0C Model Minimum Pulse Width 'SRAM_unit|Clock_100_PLL_inst|altpll_component|auto_generated|pll1|clk[0]'
Slack : 4.754
TNS   : 0.000

Type  : Slow 1200mV 0C Model Minimum Pulse Width 'clk_50'
Slack : 9.533
TNS   : 0.000

Type  : Fast 1200mV 0C Model Setup 'clk_50'
Slack : 12.934
TNS   : 0.000

Type  : Fast 1200mV 0C Model Hold 'clk_50'
Slack : 0.181
TNS   : 0.000

Type  : Fast 1200mV 0C Model Minimum Pulse Width 'SRAM_unit|Clock_100_PLL_inst|altpll_component|auto_generated|pll1|clk[0]'
Slack : 4.776
TNS   : 0.000

Type  : Fast 1200mV 0C Model Minimum Pulse Width 'clk_50'
Slack : 9.414
TNS   : 0.000

------------------------------------------------------------
